// Jest Snapshot v1, https://goo.gl/fbAQLP

exports[`expect to render CardList component 1`] = `
<div>
  <Card
    email="rodney@bigweldindustries.org"
    id={1}
    key="0"
    name="Rodney"
  />
</div>
`;
