// Jest Snapshot v1, https://goo.gl/fbAQLP

exports[`renders MainPage without crashing 1`] = `
<div
  className="tc"
>
  <Header />
  <SearchBox />
  <Scroll>
    <ErrorBoundary>
      <CardList
        robots={[Function]}
      />
    </ErrorBoundary>
  </Scroll>
</div>
`;

exports[`renders Mainpage without crashing 1`] = `
<div
  className="tc"
>
  <Header />
  <SearchBox />
  <Scroll>
    <ErrorBoundary>
      <CardList
        robots={[Function]}
      />
    </ErrorBoundary>
  </Scroll>
</div>
`;
